// Jest Snapshot v1, https://goo.gl/fbAQLP

exports[`renders learn react link init renders correctly snapshot test passed 1`] = `
<div>
  <nav
    className="Header-headerNav-1"
  >
    <div>
      <div
        className="MuiGrid-root Header-headerNavList-3 MuiGrid-container MuiGrid-item MuiGrid-align-items-xs-center MuiGrid-justify-xs-flex-end MuiGrid-grid-xs-10"
      >
        <div
          className="MuiGrid-root MuiGrid-container MuiGrid-item MuiGrid-align-items-xs-flex-start MuiGrid-grid-xs-7"
        >
          <img
            alt="Логотип"
            className="Header-navLogo-2"
            src="logo.png"
          />
        </div>
        <div
          className="MuiGrid-root MuiGrid-container MuiGrid-item MuiGrid-align-items-xs-center MuiGrid-grid-xs-1"
          data-testid="map"
          onClick={[Function]}
        >
          Карта
        </div>
        <div
          className="MuiGrid-root MuiGrid-item MuiGrid-grid-xs-1"
          data-testid="profile"
          onClick={[Function]}
        >
          Профиль
        </div>
        <div
          className="MuiGrid-root MuiGrid-item MuiGrid-grid-xs-1"
          data-testid="logout"
          onClick={[Function]}
        >
          Войти
        </div>
      </div>
    </div>
  </nav>
</div>
`;
